2026-09-08 12:00:54.426: [INFO] CurrentProfilePath: B:\Study Materials\Eclipse\workplace\.metadata\.plugins\org.eclipse.swt\EBWebView\Default
2026-09-08 12:00:54.426: [INFO] Profiles total count: 1
2026-09-08 12:00:54.426: [INFO] Profile: name=Profile 1 path=B:\Study Materials\Eclipse\workplace\.metadata\.plugins\org.eclipse.swt\EBWebView\Default lastActive=null
2026-09-08 12:00:54.426: [INFO] LastUsedProfileDir: B:\Study Materials\Eclipse\workplace\.metadata\.plugins\org.eclipse.swt\EBWebView\Default
2026-09-08 12:00:54.426: [INFO] OnDoneLoading sync enabled: 0
2026-09-08 12:00:54.426: [INFO] BookmarkModelLoaded, ids_reassigned: 0
2026-09-08 12:00:54.426: [INFO] BookmarksLoadDropped droppedNodes=0
2026-09-08 12:00:54.426: [INFO] BookmarksSnapshot Startup total=0 bar=0 other=0 mobile=0 showBar=0 showBarNTP=1
2026-09-08 12:01:02.189: [INFO] BookmarksSnapshot Shutdown total=0 bar=0 other=0 mobile=0 showBar=0 showBarNTP=1
2026-09-08 12:01:02.819: [INFO] CurrentProfilePath: B:\Study Materials\Eclipse\workplace\.metadata\.plugins\org.eclipse.swt\EBWebView\Default
2026-09-08 12:01:02.820: [INFO] Profiles total count: 1
2026-09-08 12:01:02.820: [INFO] Profile: name=Profile 1 path=B:\Study Materials\Eclipse\workplace\.metadata\.plugins\org.eclipse.swt\EBWebView\Default lastActive=2026-09-08T12:00:54.975Z
2026-09-08 12:01:02.820: [INFO] LastUsedProfileDir: B:\Study Materials\Eclipse\workplace\.metadata\.plugins\org.eclipse.swt\EBWebView\Default
2026-09-08 12:01:02.820: [INFO] MostRecentlyActiveProfile: name=Profile 1 path=B:\Study Materials\Eclipse\workplace\.metadata\.plugins\org.eclipse.swt\EBWebView\Default lastActive=2026-09-08T12:00:54.975Z
2026-09-08 12:01:02.820: [INFO] OnDoneLoading sync enabled: 0
2026-09-08 12:01:02.820: [INFO] BookmarkModelLoaded, ids_reassigned: 0
2026-09-08 12:01:02.820: [INFO] BookmarksLoadDropped droppedNodes=0
2026-09-08 12:01:02.820: [INFO] BookmarksSnapshot Startup total=0 bar=0 other=0 mobile=0 showBar=0 showBarNTP=1
2026-09-08 12:01:16.969: [INFO] BookmarksSnapshot Shutdown total=0 bar=0 other=0 mobile=0 showBar=0 showBarNTP=1
2026-09-08 12:07:56.657: [INFO] CurrentProfilePath: B:\Study Materials\Eclipse\workplace\.metadata\.plugins\org.eclipse.swt\EBWebView\Default
2026-09-08 12:07:56.657: [INFO] Profiles total count: 1
2026-09-08 12:07:56.657: [INFO] Profile: name=Profile 1 path=B:\Study Materials\Eclipse\workplace\.metadata\.plugins\org.eclipse.swt\EBWebView\Default lastActive=2026-09-08T12:01:16.336Z
2026-09-08 12:07:56.657: [INFO] LastUsedProfileDir: B:\Study Materials\Eclipse\workplace\.metadata\.plugins\org.eclipse.swt\EBWebView\Default
2026-09-08 12:07:56.657: [INFO] MostRecentlyActiveProfile: name=Profile 1 path=B:\Study Materials\Eclipse\workplace\.metadata\.plugins\org.eclipse.swt\EBWebView\Default lastActive=2026-09-08T12:01:16.336Z
2026-09-08 12:07:56.657: [INFO] OnDoneLoading sync enabled: 0
2026-09-08 12:07:56.657: [INFO] BookmarkModelLoaded, ids_reassigned: 0
2026-09-08 12:07:56.657: [INFO] BookmarksLoadDropped droppedNodes=0
2026-09-08 12:07:56.657: [INFO] BookmarksSnapshot Startup total=0 bar=0 other=0 mobile=0 showBar=0 showBarNTP=1
2026-09-08 12:08:07.934: [INFO] BookmarksSnapshot Shutdown total=0 bar=0 other=0 mobile=0 showBar=0 showBarNTP=1
2026-09-08 12:09:39.212: [INFO] CurrentProfilePath: B:\Study Materials\Eclipse\workplace\.metadata\.plugins\org.eclipse.swt\EBWebView\Default
2026-09-08 12:09:39.213: [INFO] Profiles total count: 1
2026-09-08 12:09:39.213: [INFO] Profile: name=Profile 1 path=B:\Study Materials\Eclipse\workplace\.metadata\.plugins\org.eclipse.swt\EBWebView\Default lastActive=2026-09-08T12:01:16.336Z
2026-09-08 12:09:39.213: [INFO] LastUsedProfileDir: B:\Study Materials\Eclipse\workplace\.metadata\.plugins\org.eclipse.swt\EBWebView\Default
2026-09-08 12:09:39.213: [INFO] MostRecentlyActiveProfile: name=Profile 1 path=B:\Study Materials\Eclipse\workplace\.metadata\.plugins\org.eclipse.swt\EBWebView\Default lastActive=2026-09-08T12:01:16.336Z
2026-09-08 12:09:39.213: [INFO] OnDoneLoading sync enabled: 0
2026-09-08 12:09:39.213: [INFO] BookmarkModelLoaded, ids_reassigned: 0
2026-09-08 12:09:39.213: [INFO] BookmarksLoadDropped droppedNodes=0
2026-09-08 12:09:39.213: [INFO] BookmarksSnapshot Startup total=0 bar=0 other=0 mobile=0 showBar=0 showBarNTP=1
2026-09-08 12:23:18.902: [INFO] BookmarksSnapshot Shutdown total=0 bar=0 other=0 mobile=0 showBar=0 showBarNTP=1
2026-09-11 22:04:17.879: [INFO] CurrentProfilePath: B:\Study Materials\Eclipse\workplace\.metadata\.plugins\org.eclipse.swt\EBWebView\Default
2026-09-11 22:04:17.879: [INFO] Profiles total count: 1
2026-09-11 22:04:17.879: [INFO] Profile: name=Profile 1 path=B:\Study Materials\Eclipse\workplace\.metadata\.plugins\org.eclipse.swt\EBWebView\Default lastActive=2026-09-08T12:01:16.336Z
2026-09-11 22:04:17.879: [INFO] LastUsedProfileDir: B:\Study Materials\Eclipse\workplace\.metadata\.plugins\org.eclipse.swt\EBWebView\Default
2026-09-11 22:04:17.879: [INFO] MostRecentlyActiveProfile: name=Profile 1 path=B:\Study Materials\Eclipse\workplace\.metadata\.plugins\org.eclipse.swt\EBWebView\Default lastActive=2026-09-08T12:01:16.336Z
2026-09-11 22:04:17.879: [INFO] OnDoneLoading sync enabled: 0
2026-09-11 22:04:17.879: [INFO] BookmarkModelLoaded, ids_reassigned: 0
2026-09-11 22:04:17.879: [INFO] BookmarksLoadDropped droppedNodes=0
2026-09-11 22:04:17.879: [INFO] BookmarksSnapshot Startup total=0 bar=0 other=0 mobile=0 showBar=0 showBarNTP=1
2026-09-11 22:04:23.558: [INFO] BookmarksSnapshot Shutdown total=0 bar=0 other=0 mobile=0 showBar=0 showBarNTP=1
2026-09-11 22:07:53.874: [INFO] CurrentProfilePath: B:\Study Materials\Eclipse\workplace\.metadata\.plugins\org.eclipse.swt\EBWebView\Default
2026-09-11 22:07:53.874: [INFO] Profiles total count: 1
2026-09-11 22:07:53.874: [INFO] Profile: name=Profile 1 path=B:\Study Materials\Eclipse\workplace\.metadata\.plugins\org.eclipse.swt\EBWebView\Default lastActive=2026-09-11T22:04:22.554Z
2026-09-11 22:07:53.874: [INFO] LastUsedProfileDir: B:\Study Materials\Eclipse\workplace\.metadata\.plugins\org.eclipse.swt\EBWebView\Default
2026-09-11 22:07:53.874: [INFO] MostRecentlyActiveProfile: name=Profile 1 path=B:\Study Materials\Eclipse\workplace\.metadata\.plugins\org.eclipse.swt\EBWebView\Default lastActive=2026-09-11T22:04:22.554Z
2026-09-11 22:07:53.874: [INFO] OnDoneLoading sync enabled: 0
2026-09-11 22:07:53.874: [INFO] BookmarkModelLoaded, ids_reassigned: 0
2026-09-11 22:07:53.874: [INFO] BookmarksLoadDropped droppedNodes=0
2026-09-11 22:07:53.874: [INFO] BookmarksSnapshot Startup total=0 bar=0 other=0 mobile=0 showBar=0 showBarNTP=1
2026-09-11 22:09:00.914: [INFO] BookmarksSnapshot Shutdown total=0 bar=0 other=0 mobile=0 showBar=0 showBarNTP=1
2026-09-14 17:16:05.939: [INFO] CurrentProfilePath: B:\Study Materials\Eclipse\workplace\.metadata\.plugins\org.eclipse.swt\EBWebView\Default
2026-09-14 17:16:05.939: [INFO] Profiles total count: 1
2026-09-14 17:16:05.939: [INFO] Profile: name=Profile 1 path=B:\Study Materials\Eclipse\workplace\.metadata\.plugins\org.eclipse.swt\EBWebView\Default lastActive=2026-09-11T22:04:22.554Z
2026-09-14 17:16:05.939: [INFO] LastUsedProfileDir: B:\Study Materials\Eclipse\workplace\.metadata\.plugins\org.eclipse.swt\EBWebView\Default
2026-09-14 17:16:05.939: [INFO] MostRecentlyActiveProfile: name=Profile 1 path=B:\Study Materials\Eclipse\workplace\.metadata\.plugins\org.eclipse.swt\EBWebView\Default lastActive=2026-09-11T22:04:22.554Z
2026-09-14 17:16:05.939: [INFO] OnDoneLoading sync enabled: 0
2026-09-14 17:16:05.939: [INFO] BookmarkModelLoaded, ids_reassigned: 0
2026-09-14 17:16:05.939: [INFO] BookmarksLoadDropped droppedNodes=0
2026-09-14 17:16:05.939: [INFO] BookmarksSnapshot Startup total=0 bar=0 other=0 mobile=0 showBar=0 showBarNTP=1
2026-09-14 19:17:11.126: [INFO] BookmarksSnapshot Shutdown total=0 bar=0 other=0 mobile=0 showBar=0 showBarNTP=1
2026-09-14 19:17:49.311: [INFO] CurrentProfilePath: B:\Study Materials\Eclipse\workplace\.metadata\.plugins\org.eclipse.swt\EBWebView\Default
2026-09-14 19:17:49.311: [INFO] Profiles total count: 1
2026-09-14 19:17:49.311: [INFO] Profile: name=Profile 1 path=B:\Study Materials\Eclipse\workplace\.metadata\.plugins\org.eclipse.swt\EBWebView\Default lastActive=2026-09-11T22:04:22.554Z
2026-09-14 19:17:49.311: [INFO] LastUsedProfileDir: B:\Study Materials\Eclipse\workplace\.metadata\.plugins\org.eclipse.swt\EBWebView\Default
2026-09-14 19:17:49.311: [INFO] MostRecentlyActiveProfile: name=Profile 1 path=B:\Study Materials\Eclipse\workplace\.metadata\.plugins\org.eclipse.swt\EBWebView\Default lastActive=2026-09-11T22:04:22.554Z
2026-09-14 19:17:49.311: [INFO] OnDoneLoading sync enabled: 0
2026-09-14 19:17:49.311: [INFO] BookmarkModelLoaded, ids_reassigned: 0
2026-09-14 19:17:49.311: [INFO] BookmarksLoadDropped droppedNodes=0
2026-09-14 19:17:49.311: [INFO] BookmarksSnapshot Startup total=0 bar=0 other=0 mobile=0 showBar=0 showBarNTP=1
2026-09-15 11:16:39.413: [INFO] CurrentProfilePath: B:\Study Materials\Eclipse\workplace\.metadata\.plugins\org.eclipse.swt\EBWebView\Default
2026-09-15 11:16:39.413: [INFO] Profiles total count: 1
2026-09-15 11:16:39.413: [INFO] Profile: name=Profile 1 path=B:\Study Materials\Eclipse\workplace\.metadata\.plugins\org.eclipse.swt\EBWebView\Default lastActive=2026-09-11T22:04:22.554Z
2026-09-15 11:16:39.413: [INFO] LastUsedProfileDir: B:\Study Materials\Eclipse\workplace\.metadata\.plugins\org.eclipse.swt\EBWebView\Default
2026-09-15 11:16:39.413: [INFO] MostRecentlyActiveProfile: name=Profile 1 path=B:\Study Materials\Eclipse\workplace\.metadata\.plugins\org.eclipse.swt\EBWebView\Default lastActive=2026-09-11T22:04:22.554Z
2026-09-15 11:16:39.413: [INFO] OnDoneLoading sync enabled: 0
2026-09-15 11:16:39.413: [INFO] BookmarkModelLoaded, ids_reassigned: 0
2026-09-15 11:16:39.413: [INFO] BookmarksLoadDropped droppedNodes=0
2026-09-15 11:16:39.413: [INFO] BookmarksSnapshot Startup total=0 bar=0 other=0 mobile=0 showBar=0 showBarNTP=1
2026-09-15 11:57:38.580: [INFO] BookmarksSnapshot Shutdown total=0 bar=0 other=0 mobile=0 showBar=0 showBarNTP=1
2026-09-15 15:19:45.456: [INFO] CurrentProfilePath: B:\Study Materials\Eclipse\workplace\.metadata\.plugins\org.eclipse.swt\EBWebView\Default
2026-09-15 15:19:45.456: [INFO] Profiles total count: 1
2026-09-15 15:19:45.456: [INFO] Profile: name=Profile 1 path=B:\Study Materials\Eclipse\workplace\.metadata\.plugins\org.eclipse.swt\EBWebView\Default lastActive=2026-09-11T22:04:22.554Z
2026-09-15 15:19:45.456: [INFO] LastUsedProfileDir: B:\Study Materials\Eclipse\workplace\.metadata\.plugins\org.eclipse.swt\EBWebView\Default
2026-09-15 15:19:45.456: [INFO] MostRecentlyActiveProfile: name=Profile 1 path=B:\Study Materials\Eclipse\workplace\.metadata\.plugins\org.eclipse.swt\EBWebView\Default lastActive=2026-09-11T22:04:22.554Z
2026-09-15 15:19:45.456: [INFO] OnDoneLoading sync enabled: 0
2026-09-15 15:19:45.456: [INFO] BookmarkModelLoaded, ids_reassigned: 0
2026-09-15 15:19:45.456: [INFO] BookmarksLoadDropped droppedNodes=0
2026-09-15 15:19:45.456: [INFO] BookmarksSnapshot Startup total=0 bar=0 other=0 mobile=0 showBar=0 showBarNTP=1
2026-09-15 16:54:29.907: [INFO] BookmarksSnapshot Shutdown total=0 bar=0 other=0 mobile=0 showBar=0 showBarNTP=1
2026-09-15 16:54:34.562: [INFO] CurrentProfilePath: B:\Study Materials\Eclipse\workplace\.metadata\.plugins\org.eclipse.swt\EBWebView\Default
2026-09-15 16:54:34.562: [INFO] Profiles total count: 1
2026-09-15 16:54:34.562: [INFO] Profile: name=Profile 1 path=B:\Study Materials\Eclipse\workplace\.metadata\.plugins\org.eclipse.swt\EBWebView\Default lastActive=2026-09-15T15:50:13.304Z
2026-09-15 16:54:34.562: [INFO] LastUsedProfileDir: B:\Study Materials\Eclipse\workplace\.metadata\.plugins\org.eclipse.swt\EBWebView\Default
2026-09-15 16:54:34.562: [INFO] MostRecentlyActiveProfile: name=Profile 1 path=B:\Study Materials\Eclipse\workplace\.metadata\.plugins\org.eclipse.swt\EBWebView\Default lastActive=2026-09-15T15:50:13.304Z
2026-09-15 16:54:34.562: [INFO] OnDoneLoading sync enabled: 0
2026-09-15 16:54:34.562: [INFO] BookmarkModelLoaded, ids_reassigned: 0
2026-09-15 16:54:34.562: [INFO] BookmarksLoadDropped droppedNodes=0
2026-09-15 16:54:34.562: [INFO] BookmarksSnapshot Startup total=0 bar=0 other=0 mobile=0 showBar=0 showBarNTP=1
2026-09-15 17:54:09.842: [INFO] BookmarksSnapshot Shutdown total=0 bar=0 other=0 mobile=0 showBar=0 showBarNTP=1
2026-09-17 17:42:44.390: [INFO] CurrentProfilePath: B:\Study Materials\Eclipse\workplace\.metadata\.plugins\org.eclipse.swt\EBWebView\Default
2026-09-17 17:42:44.390: [INFO] Profiles total count: 1
2026-09-17 17:42:44.390: [INFO] Profile: name=Profile 1 path=B:\Study Materials\Eclipse\workplace\.metadata\.plugins\org.eclipse.swt\EBWebView\Default lastActive=2026-09-15T15:50:13.304Z
2026-09-17 17:42:44.390: [INFO] LastUsedProfileDir: B:\Study Materials\Eclipse\workplace\.metadata\.plugins\org.eclipse.swt\EBWebView\Default
2026-09-17 17:42:44.390: [INFO] MostRecentlyActiveProfile: name=Profile 1 path=B:\Study Materials\Eclipse\workplace\.metadata\.plugins\org.eclipse.swt\EBWebView\Default lastActive=2026-09-15T15:50:13.304Z
2026-09-17 17:42:44.390: [INFO] OnDoneLoading sync enabled: 0
2026-09-17 17:42:44.390: [INFO] BookmarkModelLoaded, ids_reassigned: 0
2026-09-17 17:42:44.390: [INFO] BookmarksLoadDropped droppedNodes=0
2026-09-17 17:42:44.390: [INFO] BookmarksSnapshot Startup total=0 bar=0 other=0 mobile=0 showBar=0 showBarNTP=1
2026-09-17 17:53:00.211: [INFO] BookmarksSnapshot Shutdown total=0 bar=0 other=0 mobile=0 showBar=0 showBarNTP=1
2026-09-17 17:54:13.798: [INFO] CurrentProfilePath: B:\Study Materials\Eclipse\workplace\.metadata\.plugins\org.eclipse.swt\EBWebView\Default
2026-09-17 17:54:13.798: [INFO] Profiles total count: 1
2026-09-17 17:54:13.798: [INFO] Profile: name=Profile 1 path=B:\Study Materials\Eclipse\workplace\.metadata\.plugins\org.eclipse.swt\EBWebView\Default lastActive=2026-09-15T15:50:13.304Z
2026-09-17 17:54:13.798: [INFO] LastUsedProfileDir: B:\Study Materials\Eclipse\workplace\.metadata\.plugins\org.eclipse.swt\EBWebView\Default
2026-09-17 17:54:13.798: [INFO] MostRecentlyActiveProfile: name=Profile 1 path=B:\Study Materials\Eclipse\workplace\.metadata\.plugins\org.eclipse.swt\EBWebView\Default lastActive=2026-09-15T15:50:13.304Z
2026-09-17 17:54:13.798: [INFO] OnDoneLoading sync enabled: 0
2026-09-17 17:54:13.798: [INFO] BookmarkModelLoaded, ids_reassigned: 0
2026-09-17 17:54:13.798: [INFO] BookmarksLoadDropped droppedNodes=0
2026-09-17 17:54:13.798: [INFO] BookmarksSnapshot Startup total=0 bar=0 other=0 mobile=0 showBar=0 showBarNTP=1
2026-09-17 19:36:56.324: [INFO] BookmarksSnapshot Shutdown total=0 bar=0 other=0 mobile=0 showBar=0 showBarNTP=1
2026-09-17 20:14:22.195: [INFO] CurrentProfilePath: B:\Study Materials\Eclipse\workplace\.metadata\.plugins\org.eclipse.swt\EBWebView\Default
2026-09-17 20:14:22.195: [INFO] Profiles total count: 1
2026-09-17 20:14:22.195: [INFO] Profile: name=Profile 1 path=B:\Study Materials\Eclipse\workplace\.metadata\.plugins\org.eclipse.swt\EBWebView\Default lastActive=2026-09-15T15:50:13.304Z
2026-09-17 20:14:22.195: [INFO] LastUsedProfileDir: B:\Study Materials\Eclipse\workplace\.metadata\.plugins\org.eclipse.swt\EBWebView\Default
2026-09-17 20:14:22.195: [INFO] MostRecentlyActiveProfile: name=Profile 1 path=B:\Study Materials\Eclipse\workplace\.metadata\.plugins\org.eclipse.swt\EBWebView\Default lastActive=2026-09-15T15:50:13.304Z
2026-09-17 20:14:22.195: [INFO] OnDoneLoading sync enabled: 0
2026-09-17 20:14:22.195: [INFO] BookmarkModelLoaded, ids_reassigned: 0
2026-09-17 20:14:22.195: [INFO] BookmarksLoadDropped droppedNodes=0
2026-09-17 20:14:22.195: [INFO] BookmarksSnapshot Startup total=0 bar=0 other=0 mobile=0 showBar=0 showBarNTP=1
2026-09-17 20:30:32.326: [INFO] BookmarksSnapshot Shutdown total=0 bar=0 other=0 mobile=0 showBar=0 showBarNTP=1
